Registering Customer: test_customer_cvru2p@test.com 9734762264
Registration Result: {
  message: 'Registration successful. Please verify your email.',
  userId: 24
}
Login Result: { error: 'Please verify your email first', needsVerification: true }
FAILED TO GET TOKEN. Cannot proceed.
